
> equicord@1.14.2.0 testTsc P:\nodejs\discord\Equicord
> tsc --noEmit

